<?php return array (
  0 => 'Symfony\\Bundle\\FrameworkBundle\\Controller\\AbstractController',
  1 => 'App\\Controller\\CongresController',
  2 => 'App\\Controller\\HomeController',
  3 => 'App\\Controller\\MeetingController',
  4 => 'App\\Controller\\PlanningController',
  5 => 'App\\Controller\\SecurityController',
  6 => 'App\\Controller\\admin\\AdminController',
  7 => 'App\\Controller\\admin\\CongresController',
  8 => 'App\\Controller\\admin\\DocumentController',
  9 => 'App\\Controller\\admin\\UserController',
  10 => 'App\\Entity\\CategoryDocument',
  11 => 'App\\Entity\\CategoryUser',
  12 => 'App\\Entity\\Congres',
  13 => 'App\\Entity\\Customer',
  14 => 'App\\Entity\\Document',
  15 => 'App\\Entity\\Meeting',
  16 => 'App\\Entity\\Reason',
  17 => 'App\\Entity\\User',
  18 => 'Doctrine\\Bundle\\DoctrineBundle\\Controller\\ProfilerController',
  19 => 'Doctrine\\ORM\\Cache\\Persister\\Entity\\AbstractEntityPersister',
  20 => 'Doctrine\\ORM\\Cache\\Persister\\Entity\\CachedEntityPersister',
  21 => 'Doctrine\\ORM\\Cache\\Persister\\Entity\\NonStrictReadWriteCachedEntityPersister',
  22 => 'Doctrine\\ORM\\Cache\\Persister\\Entity\\ReadOnlyCachedEntityPersister',
  23 => 'Doctrine\\ORM\\Cache\\Persister\\Entity\\ReadWriteCachedEntityPersister',
  24 => 'Doctrine\\ORM\\Persisters\\Entity\\AbstractEntityInheritancePersister',
  25 => 'Doctrine\\ORM\\Persisters\\Entity\\BasicEntityPersister',
  26 => 'Doctrine\\ORM\\Persisters\\Entity\\CachedPersisterContext',
  27 => 'Doctrine\\ORM\\Persisters\\Entity\\EntityPersister',
  28 => 'Doctrine\\ORM\\Persisters\\Entity\\JoinedSubclassPersister',
  29 => 'Doctrine\\ORM\\Persisters\\Entity\\SingleTablePersister',
  31 => 'Symfony\\Bundle\\FrameworkBundle\\Controller\\Controller',
  32 => 'Symfony\\Bundle\\FrameworkBundle\\Controller\\ControllerNameParser',
  33 => 'Symfony\\Bundle\\FrameworkBundle\\Controller\\ControllerResolver',
  34 => 'Symfony\\Bundle\\FrameworkBundle\\Controller\\ControllerTrait',
  35 => 'Symfony\\Bundle\\FrameworkBundle\\Controller\\RedirectController',
  36 => 'Symfony\\Bundle\\FrameworkBundle\\Controller\\TemplateController',
  37 => 'Symfony\\Bundle\\TwigBundle\\Controller\\ExceptionController',
  38 => 'Symfony\\Bundle\\TwigBundle\\Controller\\PreviewErrorController',
  39 => 'Symfony\\Bundle\\WebProfilerBundle\\Controller\\ExceptionController',
  40 => 'Symfony\\Bundle\\WebProfilerBundle\\Controller\\ExceptionPanelController',
  41 => 'Symfony\\Bundle\\WebProfilerBundle\\Controller\\ProfilerController',
  42 => 'Symfony\\Bundle\\WebProfilerBundle\\Controller\\RouterController',
  43 => 'Symfony\\Component\\HttpKernel\\Controller\\ArgumentResolver',
  44 => 'Symfony\\Component\\HttpKernel\\Controller\\ArgumentResolverInterface',
  45 => 'Symfony\\Component\\HttpKernel\\Controller\\ArgumentResolver\\DefaultValueResolver',
  46 => 'Symfony\\Component\\HttpKernel\\Controller\\ArgumentResolver\\NotTaggedControllerValueResolver',
  47 => 'Symfony\\Component\\HttpKernel\\Controller\\ArgumentResolver\\RequestAttributeValueResolver',
  48 => 'Symfony\\Component\\HttpKernel\\Controller\\ArgumentResolver\\RequestValueResolver',
  49 => 'Symfony\\Component\\HttpKernel\\Controller\\ArgumentResolver\\ServiceValueResolver',
  50 => 'Symfony\\Component\\HttpKernel\\Controller\\ArgumentResolver\\SessionValueResolver',
  51 => 'Symfony\\Component\\HttpKernel\\Controller\\ArgumentResolver\\TraceableValueResolver',
  52 => 'Symfony\\Component\\HttpKernel\\Controller\\ArgumentResolver\\VariadicValueResolver',
  53 => 'Symfony\\Component\\HttpKernel\\Controller\\ArgumentValueResolverInterface',
  54 => 'Symfony\\Component\\HttpKernel\\Controller\\ContainerControllerResolver',
  55 => 'Symfony\\Component\\HttpKernel\\Controller\\ControllerReference',
  56 => 'Symfony\\Component\\HttpKernel\\Controller\\ControllerResolver',
  57 => 'Symfony\\Component\\HttpKernel\\Controller\\ControllerResolverInterface',
  58 => 'Symfony\\Component\\HttpKernel\\Controller\\ErrorController',
  59 => 'Symfony\\Component\\HttpKernel\\Controller\\TraceableArgumentResolver',
  60 => 'Symfony\\Component\\HttpKernel\\Controller\\TraceableControllerResolver',
  61 => 'Symfony\\Component\\Security\\Http\\Controller\\UserValueResolver',
);